###############################################################################
#
# IAR ELF Linker V8.11.2.13589/W32 for ARM                16/Jan/2020  15:36:18
# Copyright 2007-2017 IAR Systems AB.
#
#    Output file  =  
#        C:\Users\NamJunHee\Desktop\load
#        cell\load_cell_test_01\EWARM\load_cell_test_01\Exe\load_cell_test_01.out
#    Map file     =  
#        C:\Users\NamJunHee\Desktop\load
#        cell\load_cell_test_01\EWARM\load_cell_test_01\List\load_cell_test_01.map
#    Command line =  
#        -f C:\Users\NAMJUN~1\AppData\Local\Temp\EWE1C6.tmp
#        ("C:\Users\NamJunHee\Desktop\load
#        cell\load_cell_test_01\EWARM\load_cell_test_01\Obj\hx711.o"
#        "C:\Users\NamJunHee\Desktop\load
#        cell\load_cell_test_01\EWARM\load_cell_test_01\Obj\main.o"
#        "C:\Users\NamJunHee\Desktop\load
#        cell\load_cell_test_01\EWARM\load_cell_test_01\Obj\startup_stm32f446xx.o"
#        "C:\Users\NamJunHee\Desktop\load
#        cell\load_cell_test_01\EWARM\load_cell_test_01\Obj\stm32f4xx_hal.o"
#        "C:\Users\NamJunHee\Desktop\load
#        cell\load_cell_test_01\EWARM\load_cell_test_01\Obj\stm32f4xx_hal_cortex.o"
#        "C:\Users\NamJunHee\Desktop\load
#        cell\load_cell_test_01\EWARM\load_cell_test_01\Obj\stm32f4xx_hal_dma.o"
#        "C:\Users\NamJunHee\Desktop\load
#        cell\load_cell_test_01\EWARM\load_cell_test_01\Obj\stm32f4xx_hal_dma_ex.o"
#        "C:\Users\NamJunHee\Desktop\load
#        cell\load_cell_test_01\EWARM\load_cell_test_01\Obj\stm32f4xx_hal_exti.o"
#        "C:\Users\NamJunHee\Desktop\load
#        cell\load_cell_test_01\EWARM\load_cell_test_01\Obj\stm32f4xx_hal_flash.o"
#        "C:\Users\NamJunHee\Desktop\load
#        cell\load_cell_test_01\EWARM\load_cell_test_01\Obj\stm32f4xx_hal_flash_ex.o"
#        "C:\Users\NamJunHee\Desktop\load
#        cell\load_cell_test_01\EWARM\load_cell_test_01\Obj\stm32f4xx_hal_flash_ramfunc.o"
#        "C:\Users\NamJunHee\Desktop\load
#        cell\load_cell_test_01\EWARM\load_cell_test_01\Obj\stm32f4xx_hal_gpio.o"
#        "C:\Users\NamJunHee\Desktop\load
#        cell\load_cell_test_01\EWARM\load_cell_test_01\Obj\stm32f4xx_hal_msp.o"
#        "C:\Users\NamJunHee\Desktop\load
#        cell\load_cell_test_01\EWARM\load_cell_test_01\Obj\stm32f4xx_hal_pwr.o"
#        "C:\Users\NamJunHee\Desktop\load
#        cell\load_cell_test_01\EWARM\load_cell_test_01\Obj\stm32f4xx_hal_pwr_ex.o"
#        "C:\Users\NamJunHee\Desktop\load
#        cell\load_cell_test_01\EWARM\load_cell_test_01\Obj\stm32f4xx_hal_rcc.o"
#        "C:\Users\NamJunHee\Desktop\load
#        cell\load_cell_test_01\EWARM\load_cell_test_01\Obj\stm32f4xx_hal_rcc_ex.o"
#        "C:\Users\NamJunHee\Desktop\load
#        cell\load_cell_test_01\EWARM\load_cell_test_01\Obj\stm32f4xx_hal_tim.o"
#        "C:\Users\NamJunHee\Desktop\load
#        cell\load_cell_test_01\EWARM\load_cell_test_01\Obj\stm32f4xx_hal_tim_ex.o"
#        "C:\Users\NamJunHee\Desktop\load
#        cell\load_cell_test_01\EWARM\load_cell_test_01\Obj\stm32f4xx_hal_uart.o"
#        "C:\Users\NamJunHee\Desktop\load
#        cell\load_cell_test_01\EWARM\load_cell_test_01\Obj\stm32f4xx_it.o"
#        "C:\Users\NamJunHee\Desktop\load
#        cell\load_cell_test_01\EWARM\load_cell_test_01\Obj\system_stm32f4xx.o"
#        --redirect _Printf=_PrintfFull --redirect _Scanf=_ScanfFull -o
#        "C:\Users\NamJunHee\Desktop\load
#        cell\load_cell_test_01\EWARM\load_cell_test_01\Exe\load_cell_test_01.out"
#        --map "C:\Users\NamJunHee\Desktop\load
#        cell\load_cell_test_01\EWARM\load_cell_test_01\List\load_cell_test_01.map"
#        --config "C:\Users\NamJunHee\Desktop\load
#        cell\load_cell_test_01\EWARM/stm32f446xx_flash.icf" --semihosting
#        --entry __iar_program_start --vfe --text_out locale)
#
###############################################################################

*******************************************************************************
*** RUNTIME MODEL ATTRIBUTES
***

CppFlavor       = *
__SystemLibrary = DLib
__dlib_version  = 6


*******************************************************************************
*** HEAP SELECTION
***

The basic heap was selected because no calls to memory allocation
functions were found in the application outside of system library
functions, and there are calls to deallocation functions in the
application.


*******************************************************************************
*** PLACEMENT SUMMARY
***

"A0":  place at 0x08000000 { ro section .intvec };
"P1":  place in [from 0x08000000 to 0x0807ffff] { ro };
define block CSTACK with size = 1K, alignment = 8 { };
define block HEAP with size = 512, alignment = 8 { };
"P2":  place in [from 0x20000000 to 0x2001ffff] {
          rw, block CSTACK, block HEAP };
initialize by copy { rw };

  Section            Kind        Address    Size  Object
  -------            ----        -------    ----  ------
"A0":                                      0x1c4
  .intvec            ro code  0x08000000   0x1c4  startup_stm32f446xx.o [1]
                            - 0x080001c4   0x1c4

"P1":                                     0x1c88
  .text              ro code  0x080001c4   0x58a  stm32f4xx_hal_uart.o [1]
  .text              ro code  0x08000750   0x100  stm32f4xx_hal_msp.o [1]
  .text              ro code  0x08000850     0xc  stm32f4xx_hal.o [1]
  .text              ro code  0x0800085c    0x24  stm32f4xx_hal_dma.o [1]
  .text              ro code  0x08000880     0x2  stm32f4xx_hal_uart.o [1]
  .text              ro code  0x08000882     0x2  stm32f4xx_hal_uart.o [1]
  .text              ro code  0x08000884   0x4c4  main.o [1]
  .text              ro code  0x08000d48   0x148  stm32f4xx_hal_rcc.o [1]
  .text              ro code  0x08000e90    0xc8  stm32f4xx_hal_cortex.o [1]
  .text              ro code  0x08000f58     0x6  ABImemclr4.o [5]
  .text              ro code  0x08000f60   0x1d8  stm32f4xx_hal_gpio.o [1]
  .text              ro code  0x08001138    0x34  stm32f4xx_hal.o [1]
  .text              ro code  0x0800116c   0x248  stm32f4xx_hal_tim.o [1]
  .text              ro code  0x080013b4    0x3e  stm32f4xx_hal_tim_ex.o [1]
  .text              ro code  0x080013f4    0x28  stm32f4xx_hal.o [1]
  .text              ro code  0x0800141c    0xc0  hx711.o [1]
  .text              ro code  0x080014dc    0x86  ABImemcpy.o [5]
  .text              ro code  0x08001564   0x380  stm32f4xx_hal_rcc_ex.o [1]
  .text              ro code  0x080018e4    0x78  stm32f4xx_hal_pwr_ex.o [1]
  .text              ro code  0x0800195c    0x40  stm32f4xx_hal.o [1]
  .text              ro code  0x0800199c    0x32  ABImemset48.o [5]
  .text              ro code  0x080019ce     0x2  stm32f4xx_hal_tim.o [1]
  .text              ro code  0x080019d0     0x2  stm32f4xx_hal_tim.o [1]
  .text              ro code  0x080019d2     0x2  stm32f4xx_hal_tim_ex.o [1]
  .text              ro code  0x080019d4     0x2  stm32f4xx_hal_tim.o [1]
  .text              ro code  0x080019d6     0x2  stm32f4xx_hal_tim_ex.o [1]
  .text              ro code  0x080019d8     0x2  stm32f4xx_hal_tim.o [1]
  .text              ro code  0x080019dc    0xee  I64DivMod.o [5]
  .text              ro code  0x08001acc     0x2  I64DivZer.o [5]
  .text              ro code  0x08001ad0    0x60  system_stm32f4xx.o [1]
  .text              ro code  0x08001b30    0x40  zero_init3.o [5]
  .text              ro code  0x08001b70    0x38  packbits_init_single.o [5]
  .text              ro code  0x08001ba8    0x2c  stm32f4xx_it.o [1]
  .text              ro code  0x08001bd4    0x10  stm32f4xx_hal.o [1]
  .text              ro code  0x08001be4    0x28  data_init.o [5]
  .text              ro code  0x08001c0c    0x22  fpinit_M.o [4]
  .iar.init_table    const    0x08001c30    0x20  - Linker created -
  .text              ro code  0x08001c50    0x1a  cmain.o [5]
  .text              ro code  0x08001c6a     0x4  low_level_init.o [3]
  .text              ro code  0x08001c6e     0x4  exit.o [3]
  .text              ro code  0x08001c74     0xa  cexit.o [5]
  .text              ro code  0x08001c80    0x14  exit.o [6]
  .text              ro code  0x08001c94    0x10  startup_stm32f446xx.o [1]
  .text              ro code  0x08001ca4     0xc  cstartup_M.o [5]
  .rodata            const    0x08001cb0     0x8  system_stm32f4xx.o [1]
  .text              ro code  0x08001cb8     0x4  startup_stm32f446xx.o [1]
  .text              ro code  0x08001cbc     0x4  startup_stm32f446xx.o [1]
  .text              ro code  0x08001cc0     0x4  startup_stm32f446xx.o [1]
  .text              ro code  0x08001cc4     0x4  startup_stm32f446xx.o [1]
  .text              ro code  0x08001cc8     0x4  startup_stm32f446xx.o [1]
  .text              ro code  0x08001ccc     0x4  startup_stm32f446xx.o [1]
  .text              ro code  0x08001cd0     0x4  startup_stm32f446xx.o [1]
  .text              ro code  0x08001cd4     0x4  startup_stm32f446xx.o [1]
  .text              ro code  0x08001cd8     0x4  startup_stm32f446xx.o [1]
  .text              ro code  0x08001cdc     0x4  startup_stm32f446xx.o [1]
  .text              ro code  0x08001ce0     0x4  startup_stm32f446xx.o [1]
  .text              ro code  0x08001ce4     0x4  startup_stm32f446xx.o [1]
  .text              ro code  0x08001ce8     0x4  startup_stm32f446xx.o [1]
  .text              ro code  0x08001cec     0x4  startup_stm32f446xx.o [1]
  .text              ro code  0x08001cf0     0x4  startup_stm32f446xx.o [1]
  .text              ro code  0x08001cf4     0x4  startup_stm32f446xx.o [1]
  .text              ro code  0x08001cf8     0x4  startup_stm32f446xx.o [1]
  .text              ro code  0x08001cfc     0x4  startup_stm32f446xx.o [1]
  .text              ro code  0x08001d00     0x4  startup_stm32f446xx.o [1]
  .text              ro code  0x08001d04     0x4  startup_stm32f446xx.o [1]
  .text              ro code  0x08001d08     0x4  startup_stm32f446xx.o [1]
  .text              ro code  0x08001d0c     0x4  startup_stm32f446xx.o [1]
  .text              ro code  0x08001d10     0x4  startup_stm32f446xx.o [1]
  .text              ro code  0x08001d14     0x4  startup_stm32f446xx.o [1]
  .text              ro code  0x08001d18     0x4  startup_stm32f446xx.o [1]
  .text              ro code  0x08001d1c     0x4  startup_stm32f446xx.o [1]
  .text              ro code  0x08001d20     0x4  startup_stm32f446xx.o [1]
  .text              ro code  0x08001d24     0x4  startup_stm32f446xx.o [1]
  .text              ro code  0x08001d28     0x4  startup_stm32f446xx.o [1]
  .text              ro code  0x08001d2c     0x4  startup_stm32f446xx.o [1]
  .text              ro code  0x08001d30     0x4  startup_stm32f446xx.o [1]
  .text              ro code  0x08001d34     0x4  startup_stm32f446xx.o [1]
  .text              ro code  0x08001d38     0x4  startup_stm32f446xx.o [1]
  .text              ro code  0x08001d3c     0x4  startup_stm32f446xx.o [1]
  .text              ro code  0x08001d40     0x4  startup_stm32f446xx.o [1]
  .text              ro code  0x08001d44     0x4  startup_stm32f446xx.o [1]
  .text              ro code  0x08001d48     0x4  startup_stm32f446xx.o [1]
  .text              ro code  0x08001d4c     0x4  startup_stm32f446xx.o [1]
  .text              ro code  0x08001d50     0x4  startup_stm32f446xx.o [1]
  .text              ro code  0x08001d54     0x4  startup_stm32f446xx.o [1]
  .text              ro code  0x08001d58     0x4  startup_stm32f446xx.o [1]
  .text              ro code  0x08001d5c     0x4  startup_stm32f446xx.o [1]
  .text              ro code  0x08001d60     0x4  startup_stm32f446xx.o [1]
  .text              ro code  0x08001d64     0x4  startup_stm32f446xx.o [1]
  .text              ro code  0x08001d68     0x4  startup_stm32f446xx.o [1]
  .text              ro code  0x08001d6c     0x4  startup_stm32f446xx.o [1]
  .text              ro code  0x08001d70     0x4  startup_stm32f446xx.o [1]
  .text              ro code  0x08001d74     0x4  startup_stm32f446xx.o [1]
  .text              ro code  0x08001d78     0x4  startup_stm32f446xx.o [1]
  .text              ro code  0x08001d7c     0x4  startup_stm32f446xx.o [1]
  .text              ro code  0x08001d80     0x4  startup_stm32f446xx.o [1]
  .text              ro code  0x08001d84     0x4  startup_stm32f446xx.o [1]
  .text              ro code  0x08001d88     0x4  startup_stm32f446xx.o [1]
  .text              ro code  0x08001d8c     0x4  startup_stm32f446xx.o [1]
  .text              ro code  0x08001d90     0x4  startup_stm32f446xx.o [1]
  .text              ro code  0x08001d94     0x4  startup_stm32f446xx.o [1]
  .text              ro code  0x08001d98     0x4  startup_stm32f446xx.o [1]
  .text              ro code  0x08001d9c     0x4  startup_stm32f446xx.o [1]
  .text              ro code  0x08001da0     0x4  startup_stm32f446xx.o [1]
  .text              ro code  0x08001da4     0x4  startup_stm32f446xx.o [1]
  .text              ro code  0x08001da8     0x4  startup_stm32f446xx.o [1]
  .text              ro code  0x08001dac     0x4  startup_stm32f446xx.o [1]
  .text              ro code  0x08001db0     0x4  startup_stm32f446xx.o [1]
  .text              ro code  0x08001db4     0x4  startup_stm32f446xx.o [1]
  .text              ro code  0x08001db8     0x4  startup_stm32f446xx.o [1]
  .text              ro code  0x08001dbc     0x4  startup_stm32f446xx.o [1]
  .text              ro code  0x08001dc0     0x4  startup_stm32f446xx.o [1]
  .text              ro code  0x08001dc4     0x4  startup_stm32f446xx.o [1]
  .text              ro code  0x08001dc8     0x4  startup_stm32f446xx.o [1]
  .text              ro code  0x08001dcc     0x4  startup_stm32f446xx.o [1]
  .text              ro code  0x08001dd0     0x4  startup_stm32f446xx.o [1]
  .text              ro code  0x08001dd4     0x4  startup_stm32f446xx.o [1]
  .text              ro code  0x08001dd8     0x4  startup_stm32f446xx.o [1]
  .text              ro code  0x08001ddc     0x4  startup_stm32f446xx.o [1]
  .text              ro code  0x08001de0     0x4  startup_stm32f446xx.o [1]
  .text              ro code  0x08001de4     0x4  startup_stm32f446xx.o [1]
  .text              ro code  0x08001de8     0x4  startup_stm32f446xx.o [1]
  .text              ro code  0x08001dec     0x4  startup_stm32f446xx.o [1]
  .text              ro code  0x08001df0     0x4  startup_stm32f446xx.o [1]
  .text              ro code  0x08001df4     0x4  startup_stm32f446xx.o [1]
  .text              ro code  0x08001df8     0x4  startup_stm32f446xx.o [1]
  .text              ro code  0x08001dfc     0x4  startup_stm32f446xx.o [1]
  .text              ro code  0x08001e00     0x4  startup_stm32f446xx.o [1]
  .rodata            const    0x08001e04     0x0  zero_init3.o [5]
  .rodata            const    0x08001e04     0x0  packbits_init_single.o [5]
  Initializer bytes  const    0x08001e04    0x48  <for P2-1>
                            - 0x08001e4c  0x1c88

"P2", part 1 of 3:                         0x1d4
  P2-1                        0x20000000   0x1d4  <Init block>
    .data            inited   0x20000000   0x1c4  main.o [1]
    .data            inited   0x200001c4     0xc  stm32f4xx_hal.o [1]
    .data            inited   0x200001d0     0x4  system_stm32f4xx.o [1]
                            - 0x200001d4   0x1d4

"P2", part 2 of 3:                          0x50
  .bss               zero     0x200001d4    0x50  main.o [1]
                            - 0x20000224    0x50

"P2", part 3 of 3:                         0x400
  CSTACK                      0x20000228   0x400  <Block>
    CSTACK           uninit   0x20000228   0x400  <Block tail>
                            - 0x20000628   0x400


*******************************************************************************
*** INIT TABLE
***

          Address     Size
          -------     ----
Zero (__iar_zero_init3)
    1 destination range, total size 0x50:
          0x200001d4   0x50

Copy/packbits (__iar_packbits_init_single3)
    1 source range, total size 0x48 (15% of destination):
          0x08001e04   0x48
    1 destination range, total size 0x1d4:
          0x20000000  0x1d4



*******************************************************************************
*** MODULE SUMMARY
***

    Module                  ro code  ro data  rw data
    ------                  -------  -------  -------
C:\Users\NamJunHee\Desktop\load cell\load_cell_test_01\EWARM\load_cell_test_01\Obj: [1]
    hx711.o                     192
    main.o                    1 220       69      532
    startup_stm32f446xx.o       800
    stm32f4xx_hal.o             184        2       12
    stm32f4xx_hal_cortex.o      200
    stm32f4xx_hal_dma.o          36
    stm32f4xx_hal_gpio.o        472
    stm32f4xx_hal_msp.o         256
    stm32f4xx_hal_pwr_ex.o      120
    stm32f4xx_hal_rcc.o         328
    stm32f4xx_hal_rcc_ex.o      896
    stm32f4xx_hal_tim.o         592
    stm32f4xx_hal_tim_ex.o       66
    stm32f4xx_hal_uart.o      1 422
    stm32f4xx_it.o               44
    system_stm32f4xx.o           96        9        4
    -------------------------------------------------
    Total:                    6 924       80      548

command line: [2]
    -------------------------------------------------
    Total:

dl7M_tln.a: [3]
    exit.o                        4
    low_level_init.o              4
    -------------------------------------------------
    Total:                        8

m7M_tls.a: [4]
    fpinit_M.o                   34
    -------------------------------------------------
    Total:                       34

rt7M_tl.a: [5]
    ABImemclr4.o                  6
    ABImemcpy.o                 134
    ABImemset48.o                50
    I64DivMod.o                 238
    I64DivZer.o                   2
    cexit.o                      10
    cmain.o                      26
    cstartup_M.o                 12
    data_init.o                  40
    packbits_init_single.o       56
    zero_init3.o                 64
    -------------------------------------------------
    Total:                      638

shb_l.a: [6]
    exit.o                       20
    -------------------------------------------------
    Total:                       20

    Gaps                         18        2
    Linker created                        32    1 024
-----------------------------------------------------
    Grand Total:              7 642      114    1 572


*******************************************************************************
*** ENTRY LIST
***

Entry                      Address   Size  Type      Object
-----                      -------   ----  ----      ------
.iar.init_table$$Base   0x08001c30          --   Gb  - Linker created -
.iar.init_table$$Limit  0x08001c50          --   Gb  - Linker created -
?main                   0x08001c51         Code  Gb  cmain.o [5]
AHBPrescTable           0x08001b20   0x10  Data  Gb  system_stm32f4xx.o [1]
APBPrescTable           0x08001cb0    0x8  Data  Gb  system_stm32f4xx.o [1]
BusFault_Handler        0x08001baf    0x2  Code  Gb  stm32f4xx_it.o [1]
CSTACK$$Base            0x20000228          --   Gb  - Linker created -
CSTACK$$Limit           0x20000628          --   Gb  - Linker created -
Checksum                0x20000104    0x1  Data  Gb  main.o [1]
Checksum_               0x20000105    0x1  Data  Gb  main.o [1]
DebugMon_Handler        0x08001bb5    0x2  Code  Gb  stm32f4xx_it.o [1]
HAL_DMA_Abort_IT        0x0800085d   0x24  Code  Gb  stm32f4xx_hal_dma.o [1]
HAL_Delay               0x080013f5   0x28  Code  Wk  stm32f4xx_hal.o [1]
HAL_GPIO_Init           0x08000f61  0x194  Code  Gb  stm32f4xx_hal_gpio.o [1]
HAL_GPIO_ReadPin        0x080010f5    0xc  Code  Gb  stm32f4xx_hal_gpio.o [1]
HAL_GPIO_WritePin       0x08001101    0x8  Code  Gb  stm32f4xx_hal_gpio.o [1]
HAL_GetTick             0x08000851    0xc  Code  Wk  stm32f4xx_hal.o [1]
HAL_IncTick             0x08001bd5   0x10  Code  Wk  stm32f4xx_hal.o [1]
HAL_Init                0x08001139   0x30  Code  Gb  stm32f4xx_hal.o [1]
HAL_InitTick            0x0800195d   0x40  Code  Wk  stm32f4xx_hal.o [1]
HAL_MspInit             0x08000751   0x42  Code  Gb  stm32f4xx_hal_msp.o [1]
HAL_NVIC_EnableIRQ      0x08000f03   0x16  Code  Gb  stm32f4xx_hal_cortex.o [1]
HAL_NVIC_SetPriority    0x08000ec9   0x3a  Code  Gb  stm32f4xx_hal_cortex.o [1]
HAL_NVIC_SetPriorityGrouping
                        0x08000eaf   0x1a  Code  Gb  stm32f4xx_hal_cortex.o [1]
HAL_PWREx_EnableOverDrive
                        0x080018e5   0x48  Code  Gb  stm32f4xx_hal_pwr_ex.o [1]
HAL_RCC_ClockConfig     0x08000d49   0xfe  Code  Gb  stm32f4xx_hal_rcc.o [1]
HAL_RCC_GetPCLK1Freq    0x08000e53   0x10  Code  Gb  stm32f4xx_hal_rcc.o [1]
HAL_RCC_GetPCLK2Freq    0x08000e63    0xe  Code  Gb  stm32f4xx_hal_rcc.o [1]
HAL_RCC_GetSysClockFreq
                        0x0800156d   0x42  Code  Gb  stm32f4xx_hal_rcc_ex.o [1]
HAL_RCC_OscConfig       0x080015c7  0x2f2  Code  Gb  stm32f4xx_hal_rcc_ex.o [1]
HAL_SYSTICK_Config      0x08000f19   0x28  Code  Gb  stm32f4xx_hal_cortex.o [1]
HAL_TIMEx_BreakCallback
                        0x080019d3    0x2  Code  Wk  stm32f4xx_hal_tim_ex.o [1]
HAL_TIMEx_CommutCallback
                        0x080019d7    0x2  Code  Wk  stm32f4xx_hal_tim_ex.o [1]
HAL_TIMEx_MasterConfigSynchronization
                        0x080013b5   0x3e  Code  Gb  stm32f4xx_hal_tim_ex.o [1]
HAL_TIM_Base_Init       0x0800116d   0x1a  Code  Gb  stm32f4xx_hal_tim.o [1]
HAL_TIM_Base_MspInit    0x08000793   0x36  Code  Gb  stm32f4xx_hal_msp.o [1]
HAL_TIM_IRQHandler      0x080011ab  0x142  Code  Gb  stm32f4xx_hal_tim.o [1]
HAL_TIM_PeriodElapsedCallback
                        0x08000d3d    0x2  Code  Gb  main.o [1]
HAL_UART_IRQHandler     0x08000355  0x152  Code  Gb  stm32f4xx_hal_uart.o [1]
HAL_UART_Init           0x080001c5   0x1e  Code  Gb  stm32f4xx_hal_uart.o [1]
HAL_UART_MspInit        0x080007c9   0x74  Code  Gb  stm32f4xx_hal_msp.o [1]
HAL_UART_Receive_IT     0x080002ef   0x54  Code  Gb  stm32f4xx_hal_uart.o [1]
HAL_UART_RxCpltCallback
                        0x08000bb5   0x12  Code  Gb  main.o [1]
HAL_UART_Transmit       0x0800023d   0xaa  Code  Gb  stm32f4xx_hal_uart.o [1]
HX711_Init              0x0800141d   0x54  Code  Gb  hx711.o [1]
HX711_Value             0x08001471   0x58  Code  Gb  hx711.o [1]
HX711_data              0x20000000   0xe0  Data  Gb  main.o [1]
HardFault_Handler       0x08001bab    0x2  Code  Gb  stm32f4xx_it.o [1]
Load_cell_ID            0x20000108    0x8  Data  Gb  main.o [1]
Load_cell_Txbuffer_number
                        0x2000019c    0x4  Data  Gb  main.o [1]
Load_cell_number        0x20000198    0x4  Data  Gb  main.o [1]
MX_GPIO_Init            0x08000c5d   0xb8  Code  Lc  main.o [1]
MemManage_Handler       0x08001bad    0x2  Code  Gb  stm32f4xx_it.o [1]
NMI_Handler             0x08001ba9    0x2  Code  Gb  stm32f4xx_it.o [1]
PendSV_Handler          0x08001bb7    0x2  Code  Gb  stm32f4xx_it.o [1]
RCC_IRQHandler          0x08001bbd    0x2  Code  Gb  stm32f4xx_it.o [1]
Region$$Table$$Base     0x08001c30          --   Gb  - Linker created -
Region$$Table$$Limit    0x08001c50          --   Gb  - Linker created -
Rx_Checksum             0x20000107    0x1  Data  Gb  main.o [1]
Rx_Checksum_            0x20000106    0x1  Data  Gb  main.o [1]
Rx_counter              0x20000220    0x4  Data  Gb  main.o [1]
Rxbuffer                0x200001d4    0xc  Data  Gb  main.o [1]
SVC_Handler             0x08001bb3    0x2  Code  Gb  stm32f4xx_it.o [1]
SysTick_Handler         0x08001bb9    0x4  Code  Gb  stm32f4xx_it.o [1]
SystemClock_Config      0x08000bc7   0x96  Code  Gb  main.o [1]
SystemCoreClock         0x200001d0    0x4  Data  Gb  system_stm32f4xx.o [1]
SystemInit              0x08001ad1   0x3a  Code  Gb  system_stm32f4xx.o [1]
TIM6_DAC_IRQHandler     0x08001bc5    0x6  Code  Gb  stm32f4xx_it.o [1]
TIM_Base_SetConfig      0x080012f3   0x96  Code  Gb  stm32f4xx_hal_tim.o [1]
Tx_buffer               0x200000e0   0x24  Data  Gb  main.o [1]
UART_DMAAbortOnError    0x08000529    0xc  Code  Lc  stm32f4xx_hal_uart.o [1]
UART_EndRxTransfer      0x0800050b   0x1c  Code  Lc  stm32f4xx_hal_uart.o [1]
UART_Receive_IT         0x08000535   0x96  Code  Lc  stm32f4xx_hal_uart.o [1]
UART_SetConfig          0x080005cb  0x13a  Code  Lc  stm32f4xx_hal_uart.o [1]
UART_WaitOnFlagUntilTimeout
                        0x080004a7   0x56  Code  Lc  stm32f4xx_hal_uart.o [1]
USART2_IRQHandler       0x08001bbf    0x6  Code  Gb  stm32f4xx_it.o [1]
UsageFault_Handler      0x08001bb1    0x2  Code  Gb  stm32f4xx_it.o [1]
Value_Gain              0x20000138   0x20  Data  Gb  main.o [1]
Value_Gain_buffer       0x20000110    0x8  Data  Gb  main.o [1]
__NVIC_SetPriority      0x08000e91   0x1e  Code  Lc  stm32f4xx_hal_cortex.o [1]
__aeabi_ldiv0           0x08001acd         Code  Gb  I64DivZer.o [5]
__aeabi_memclr4         0x08000f59         Code  Gb  ABImemclr4.o [5]
__aeabi_memcpy4         0x080014dd         Code  Gb  ABImemcpy.o [5]
__aeabi_memcpy8         0x080014dd         Code  Gb  ABImemcpy.o [5]
__aeabi_uldivmod        0x080019dd         Code  Gb  I64DivMod.o [5]
__cmain                 0x08001c51         Code  Gb  cmain.o [5]
__exit                  0x08001c81   0x14  Code  Gb  exit.o [6]
__iar_Memset4_word      0x0800199d         Code  Gb  ABImemset48.o [5]
__iar_Memset8_word      0x0800199d         Code  Gb  ABImemset48.o [5]
__iar_data_init3        0x08001be5   0x28  Code  Gb  data_init.o [5]
__iar_init_vfp          0x08001c0d         Code  Gb  fpinit_M.o [4]
__iar_packbits_init_single3
                        0x08001b71   0x38  Code  Gb  packbits_init_single.o [5]
__iar_program_start     0x08001ca5         Code  Gb  cstartup_M.o [5]
__iar_systems$$module {Abs}
                        0x00000001         Data  Gb  command line/config [2]
__iar_zero_init3        0x08001b31   0x40  Code  Gb  zero_init3.o [5]
__low_level_init        0x08001c6b    0x4  Code  Gb  low_level_init.o [3]
__vector_table          0x08000000         Data  Gb  startup_stm32f446xx.o [1]
_call_main              0x08001c5d         Code  Gb  cmain.o [5]
_exit                   0x08001c75         Code  Gb  cexit.o [5]
_main                   0x08001c67         Code  Gb  cmain.o [5]
counter                 0x200001c0    0x4  Data  Gb  main.o [1]
exit                    0x08001c6f    0x4  Code  Gb  exit.o [3]
htim6                   0x20000158   0x40  Data  Gb  main.o [1]
huart2                  0x200001e0   0x40  Data  Gb  main.o [1]
main                    0x08000885  0x324  Code  Gb  main.o [1]
uwTick                  0x200001c8    0x4  Data  Gb  stm32f4xx_hal.o [1]
uwTickFreq              0x200001c4    0x1  Data  Gb  stm32f4xx_hal.o [1]
uwTickPrio              0x200001cc    0x4  Data  Gb  stm32f4xx_hal.o [1]
value                   0x200001a0   0x20  Data  Gb  main.o [1]
value_                  0x20000118   0x20  Data  Gb  main.o [1]


[1] = C:\Users\NamJunHee\Desktop\load cell\load_cell_test_01\EWARM\load_cell_test_01\Obj
[2] = command line
[3] = dl7M_tln.a
[4] = m7M_tls.a
[5] = rt7M_tl.a
[6] = shb_l.a

  7 642 bytes of readonly  code memory
    114 bytes of readonly  data memory
  1 572 bytes of readwrite data memory

Errors: none
Warnings: none
